Wed Dec 31 20:33:48 IST 2025  [debug] AvalonLogSystem initialized using logfile './velocity.log'
Wed Dec 31 20:33:48 IST 2025   [info] ************************************************************** 
Wed Dec 31 20:33:48 IST 2025   [info] Starting Jakarta Velocity v1.4
Wed Dec 31 20:33:48 IST 2025   [info] RuntimeInstance initializing.
Wed Dec 31 20:33:48 IST 2025   [info] Default Properties File: org\apache\velocity\runtime\defaults\velocity.properties
Wed Dec 31 20:33:48 IST 2025   [info] Trying to use logger class org.apache.velocity.runtime.log.AvalonLogSystem
Wed Dec 31 20:33:48 IST 2025   [info] Using logger class org.apache.velocity.runtime.log.AvalonLogSystem
Wed Dec 31 20:33:48 IST 2025   [info] Default ResourceManager initializing. (class org.apache.velocity.runtime.resource.ResourceManagerImpl)
Wed Dec 31 20:33:48 IST 2025   [info] Resource Loader Instantiated: org.apache.velocity.runtime.resource.loader.FileResourceLoader
Wed Dec 31 20:33:48 IST 2025   [info] FileResourceLoader : initialization starting.
Wed Dec 31 20:33:48 IST 2025   [info] FileResourceLoader : adding path '.'
Wed Dec 31 20:33:48 IST 2025   [info] FileResourceLoader : initialization complete.
Wed Dec 31 20:33:48 IST 2025   [info] ResourceCache : initialized. (class org.apache.velocity.runtime.resource.ResourceCacheImpl)
Wed Dec 31 20:33:48 IST 2025   [info] Default ResourceManager initialization complete.
Wed Dec 31 20:33:48 IST 2025   [info] Loaded System Directive: org.apache.velocity.runtime.directive.Literal
Wed Dec 31 20:33:48 IST 2025   [info] Loaded System Directive: org.apache.velocity.runtime.directive.Macro
Wed Dec 31 20:33:48 IST 2025   [info] Loaded System Directive: org.apache.velocity.runtime.directive.Parse
Wed Dec 31 20:33:48 IST 2025   [info] Loaded System Directive: org.apache.velocity.runtime.directive.Include
Wed Dec 31 20:33:48 IST 2025   [info] Loaded System Directive: org.apache.velocity.runtime.directive.Foreach
Wed Dec 31 20:33:48 IST 2025   [info] Created: 20 parsers.
Wed Dec 31 20:33:48 IST 2025   [info] Velocimacro : initialization starting.
Wed Dec 31 20:33:48 IST 2025   [info] Velocimacro : adding VMs from VM library template : macros.vm
Wed Dec 31 20:33:48 IST 2025  [error] ResourceManager : unable to find resource 'macros.vm' in any resource loader.
Wed Dec 31 20:33:48 IST 2025   [info] Velocimacro : error using  VM library template macros.vm : org.apache.velocity.exception.ResourceNotFoundException: Unable to find resource 'macros.vm'
Wed Dec 31 20:33:48 IST 2025   [info] Velocimacro :  VM library template macro registration complete.
Wed Dec 31 20:33:48 IST 2025   [info] Velocimacro : allowInline = true : VMs can be defined inline in templates
Wed Dec 31 20:33:48 IST 2025   [info] Velocimacro : allowInlineToOverride = false : VMs defined inline may NOT replace previous VM definitions
Wed Dec 31 20:33:48 IST 2025   [info] Velocimacro : allowInlineLocal = false : VMs defined inline will be  global in scope if allowed.
Wed Dec 31 20:33:48 IST 2025   [info] Velocimacro : messages on  : VM system will output logging messages
Wed Dec 31 20:33:48 IST 2025   [info] Velocimacro : autoload off  : VM system will not automatically reload global library macros
Wed Dec 31 20:33:48 IST 2025   [info] Velocimacro : initialization complete.
Wed Dec 31 20:33:48 IST 2025   [info] Velocity successfully started.
Wed Dec 31 20:33:49 IST 2025   [info] ResourceManager : found ./sd.vm with loader org.apache.velocity.runtime.resource.loader.FileResourceLoader
Wed Dec 31 20:33:50 IST 2025   [info] ResourceManager : found ./index.vm with loader org.apache.velocity.runtime.resource.loader.FileResourceLoader
Wed Dec 31 20:33:50 IST 2025   [info] ResourceManager : found ./news.vm with loader org.apache.velocity.runtime.resource.loader.FileResourceLoader
Wed Dec 31 20:33:50 IST 2025   [info] ResourceManager : found ./all.vm with loader org.apache.velocity.runtime.resource.loader.FileResourceLoader
Wed Dec 31 20:33:50 IST 2025   [info] ResourceManager : found ./nc.vm with loader org.apache.velocity.runtime.resource.loader.FileResourceLoader
Wed Dec 31 20:33:50 IST 2025   [info] ResourceManager : found ./bl.vm with loader org.apache.velocity.runtime.resource.loader.FileResourceLoader
Wed Dec 31 20:33:50 IST 2025   [info] ResourceManager : found ./cbtor.vm with loader org.apache.velocity.runtime.resource.loader.FileResourceLoader
Wed Dec 31 20:33:50 IST 2025   [info] ResourceManager : found ./cbtorL.vm with loader org.apache.velocity.runtime.resource.loader.FileResourceLoader
Wed Dec 31 20:33:50 IST 2025   [info] ResourceManager : found ./cbtors.vm with loader org.apache.velocity.runtime.resource.loader.FileResourceLoader
Wed Dec 31 20:33:50 IST 2025   [info] ResourceManager : found ./ctry.vm with loader org.apache.velocity.runtime.resource.loader.FileResourceLoader
Wed Dec 31 20:33:50 IST 2025   [info] ResourceManager : found ./ctt.vm with loader org.apache.velocity.runtime.resource.loader.FileResourceLoader
Wed Dec 31 20:33:50 IST 2025   [info] ResourceManager : found ./ctts.vm with loader org.apache.velocity.runtime.resource.loader.FileResourceLoader
Wed Dec 31 20:33:50 IST 2025   [info] ResourceManager : found ./common.vm with loader org.apache.velocity.runtime.resource.loader.FileResourceLoader
